66460 Shumen P 6
97938 Yambol P 5
96907 Mezdra F 34
96907 Mezdra F 34
73777 Kulata F 30
62275 Zimnitsa P 10
71527 Sindel P 6
72986 Yambol P 3
