23931 Blagoevgrad F 16
51340 Zimnitsa F 24
27471 Varna P 7
27471 Varna P 7
