24555 Shumen P 10
27720 Sindel P 1
27720 Sindel P 1
24555 Shumen P 10
27720 Sindel P 1
27720 Sindel P 1
24555 Shumen P 10
39098 Plovdiv P 9
39098 Plovdiv P 9
27720 Sindel P 1
24555 Shumen P 10
39098 Plovdiv P 9
27720 Sindel P 1
24555 Shumen P 10
39098 Plovdiv P 9
27720 Sindel P 1
24555 Shumen P 10
39098 Plovdiv P 9
27720 Sindel P 1
24555 Shumen P 10
17676 Burgas F 7
17676 Burgas F 7
39098 Plovdiv P 9
27720 Sindel P 1
24555 Shumen P 10
79862 Montana F 16
79862 Montana F 16
79862 Montana F 16
17676 Burgas F 7
39098 Plovdiv P 9
27720 Sindel P 1
24555 Shumen P 10
17676 Burgas F 7
39098 Plovdiv P 9
27720 Sindel P 1
24555 Shumen P 10
17676 Burgas F 7
39098 Plovdiv P 9
27720 Sindel P 1
24555 Shumen P 10
17676 Burgas F 7
39098 Plovdiv P 9
27720 Sindel P 1
24555 Shumen P 10
73858 Targovishte P 10
17676 Burgas F 7
39098 Plovdiv P 9
27720 Sindel P 1
24555 Shumen P 10
73858 Targovishte P 10
66541 GOryahovitsa P 7
73858 Targovishte P 10
17676 Burgas F 7
39098 Plovdiv P 9
27720 Sindel P 1
24555 Shumen P 10
73858 Targovishte P 10
17676 Burgas F 7
39098 Plovdiv P 9
27720 Sindel P 1
24555 Shumen P 10
27980 Sindel F 32
66541 GOryahovitsa P 7
67317 Blagoevgrad P 6
66541 GOryahovitsa P 7
85609 Burgas F 14
97501 Vratsa F 40
79862 Montana F 16
93528 Varna F 15
93528 Varna F 15
79862 Montana F 16
55598 Burgas F 13
55598 Burgas F 13
79862 Montana F 16
93528 Varna F 15
97501 Vratsa F 40
85609 Burgas F 14
66541 GOryahovitsa P 7
67317 Blagoevgrad P 6
27980 Sindel F 32
73858 Targovishte P 10
17676 Burgas F 7
39098 Plovdiv P 9
27720 Sindel P 1
24555 Shumen P 10
73105 Zimnitsa F 40
73105 Zimnitsa F 40
73105 Zimnitsa F 40
14556 Blagoevgrad F 20
14556 Blagoevgrad F 20
73105 Zimnitsa F 40
55598 Burgas F 13
79862 Montana F 16
93528 Varna F 15
97501 Vratsa F 40
85609 Burgas F 14
66541 GOryahovitsa P 7
67317 Blagoevgrad P 6
27980 Sindel F 32
73858 Targovishte P 10
17676 Burgas F 7
39098 Plovdiv P 9
27720 Sindel P 1
24555 Shumen P 10
14556 Blagoevgrad F 20
73105 Zimnitsa F 40
55598 Burgas F 13
79862 Montana F 16
93528 Varna F 15
97501 Vratsa F 40
85609 Burgas F 14
66541 GOryahovitsa P 7
67317 Blagoevgrad P 6
27980 Sindel F 32
73858 Targovishte P 10
17676 Burgas F 7
39098 Plovdiv P 9
27720 Sindel P 1
24555 Shumen P 10
55159 Vratsa F 40
91067 Karlovo F 32
91067 Karlovo F 32
55159 Vratsa F 40
91067 Karlovo F 32
14556 Blagoevgrad F 20
73105 Zimnitsa F 40
55598 Burgas F 13
79862 Montana F 16
93528 Varna F 15
97501 Vratsa F 40
85609 Burgas F 14
66541 GOryahovitsa P 7
67317 Blagoevgrad P 6
27980 Sindel F 32
73858 Targovishte P 10
17676 Burgas F 7
39098 Plovdiv P 9
27720 Sindel P 1
24555 Shumen P 10
91067 Karlovo F 32
14556 Blagoevgrad F 20
73105 Zimnitsa F 40
55598 Burgas F 13
79862 Montana F 16
93528 Varna F 15
97501 Vratsa F 40
85609 Burgas F 14
66541 GOryahovitsa P 7
67317 Blagoevgrad P 6
27980 Sindel F 32
73858 Targovishte P 10
17676 Burgas F 7
39098 Plovdiv P 9
27720 Sindel P 1
24555 Shumen P 10
91067 Karlovo F 32
14556 Blagoevgrad F 20
73105 Zimnitsa F 40
55598 Burgas F 13
79862 Montana F 16
93528 Varna F 15
97501 Vratsa F 40
85609 Burgas F 14
66541 GOryahovitsa P 7
67317 Blagoevgrad P 6
27980 Sindel F 32
73858 Targovishte P 10
17676 Burgas F 7
39098 Plovdiv P 9
27720 Sindel P 1
24555 Shumen P 10
55159 Vratsa F 40
55159 Vratsa F 40
55159 Vratsa F 40
91067 Karlovo F 32
14556 Blagoevgrad F 20
73105 Zimnitsa F 40
55598 Burgas F 13
79862 Montana F 16
93528 Varna F 15
97501 Vratsa F 40
85609 Burgas F 14
66541 GOryahovitsa P 7
67317 Blagoevgrad P 6
27980 Sindel F 32
73858 Targovishte P 10
17676 Burgas F 7
39098 Plovdiv P 9
27720 Sindel P 1
24555 Shumen P 10
