33991 Karlovo P 3
28151 Shumen P 3
60619 Plovdiv P 6
82139 Ruse P 8
55384 Mezdra P 8
82418 Sofia P 10
74677 Sindel P 6
50000 Burgas P 1
21407 Ruse P 10
73224 Burgas P 4
