31564 Plovdiv F 36
75784 Tulovo F 28
75784 Tulovo F 28
31564 Plovdiv F 36
75784 Tulovo F 28
11227 Montana P 3
37333 Yambol P 2
37333 Yambol P 2
11227 Montana P 3
31564 Plovdiv F 36
37333 Yambol P 2
11227 Montana P 3
31564 Plovdiv F 36
60157 Yambol P 8
39447 Shumen P 2
27551 Vratsa P 8
39447 Shumen P 2
39447 Shumen P 2
27551 Vratsa P 8
60157 Yambol P 8
37333 Yambol P 2
11227 Montana P 3
31564 Plovdiv F 36
52112 Tulovo F 8
86655 Vratsa F 23
52112 Tulovo F 8
39447 Shumen P 2
27551 Vratsa P 8
60157 Yambol P 8
37333 Yambol P 2
11227 Montana P 3
31564 Plovdiv F 36
86655 Vratsa F 23
75784 Tulovo F 28
75784 Tulovo F 28
86655 Vratsa F 23
52112 Tulovo F 8
39447 Shumen P 2
27551 Vratsa P 8
60157 Yambol P 8
37333 Yambol P 2
11227 Montana P 3
31564 Plovdiv F 36
17973 Shumen F 37
