99389 Montana P 1
99389 Montana P 1
99389 Montana P 1
95806 Targovishte F 36
12501 StaraZagora P 9
37643 Karlovo P 7
61122 Ruse F 12
57143 Burgas F 18
49648 Ruse P 5
88587 Ruse F 40
88587 Ruse F 40
84149 Burgas P 5
49648 Ruse P 5
15031 Svilengrad P 6
49648 Ruse P 5
78035 Kulata F 11
