55063 Burgas P 6
45162 Burgas P 2
82182 Ruse P 10
99567 Zimnitsa P 6
50508 Zimnitsa P 3
94118 Vratsa P 8
