15366 Karnobat F 32
15366 Karnobat F 32
56579 StaraZagora F 23
86488 GOryahovitsa F 29
71333 Shumen F 21
74876 Podkova F 29
63651 Targovishte F 39
63651 Targovishte F 39
71333 Shumen F 21
71333 Shumen F 21
70963 Sliven F 32
70963 Sliven F 32
79282 Svilengrad P 3
78340 Sofia F 23
70667 Sliven F 33
87428 Montana F 39
70667 Sliven F 33
70667 Sliven F 33
76496 Zimnitsa F 35
76496 Zimnitsa F 35
70667 Sliven F 33
70667 Sliven F 33
44468 Ruse P 9
44468 Ruse P 9
79282 Svilengrad P 3
17732 Svilengrad F 33
17732 Svilengrad F 33
84935 Shumen P 7
79282 Svilengrad P 3
79282 Svilengrad P 3
13674 Podkova P 1
28478 StaraZagora F 1
70963 Sliven F 32
89478 Svilengrad F 15
55924 StaraZagora F 9
19556 Sindel P 5
